xchg eax edx +
retn 4A5Bh  +
***
mov edi edi +
push ebp  +
mov ebp esp +
push 0  +
push [ebp+arg_8]  +
call ds:RegisterApplicationRestart  +
push 0  +
push 2  +
call DoMsCtfMonitor  +
xor eax eax +
inc eax  +
pop ebp  +
retn 10h  +
***
mov edi edi +
push ebp  +
mov ebp esp +
sub esp 44h +
and [ebp+StartupInfo.dwFlags] 0 +
lea eax [ebp+StartupInfo] +
push eax  +
call ds:GetStartupInfoW  +
test byte ptr [ebp+StartupInfo.dwFlags] 1 +
jz loc_10011BC  +
movzx eax [ebp+StartupInfo.wShowWindow] +
jmp loc_10011BF  +
push 0Ah  +
pop eax  +
push eax  +
call ds:GetCommandLineW  +
push eax  +
push 0  +
push 0  +
call ds:GetModuleHandleW  +
push eax  +
call sub_1001175  +
leave   +
retn 10h  +
***
mov edi edi +
push ebp  +
mov ebp esp +
push esi  +
mov esi [ebp+arg_0] +
xor eax eax +
jmp loc_10011FC  +
test eax eax +
jnz loc_1001201  +
mov ecx [esi] +
test ecx ecx +
jz loc_10011F9  +
call ecx  +
add esi 4 +
cmp esi [ebp+arg_4] +
jb loc_10011ED  +
pop esi  +
pop ebp  +
retn   +
***
mov eax dword_1002040 +
push offset dword_1002030  +
push dword_100203C  +
mov dword_1002030 eax +
push offset unk_1002020  +
push offset unk_1002024  +
push offset unk_100201C  +
call ds:__getmainargs  +
add esp 14h +
mov dword_100202C eax +
retn   +
***
call __SEH_prolog4  +
xor ebx ebx +
mov [ebp+var_1C] ebx +
mov [ebp+ms_exc.disabled] ebx +
lea eax [ebp+StartupInfo] +
push eax  +
call ds:GetStartupInfoA  +
mov [ebp+ms_exc.disabled] 0FFFFFFFEh +
mov [ebp+ms_exc.disabled] 1 +
mov eax large fs:18h +
mov esi [eax+4] +
mov edi offset Destination +
push 0  +
push esi  +
push edi  +
call ds:InterlockedCompareExchange  +
test eax eax +
jz loc_10012A1  +
cmp eax esi +
jnz loc_1001294  +
xor esi esi +
inc esi  +
mov ebx esi +
jmp loc_10012A4  +
push 3E8h  +
call ds:Sleep  +
jmp loc_100127B  +
xor esi esi +
inc esi  +
mov eax dword_1002378 +
cmp eax esi +
jnz loc_10012B7  +
push 1Fh  +
call _amsg_exit  +
pop ecx  +
jmp loc_10012E6  +
mov eax dword_1002378 +
test eax eax +
jnz loc_10012E0  +
mov dword_1002378 esi +
push offset dword_10010B0  +
push offset dword_10010A4  +
call sub_10011E0  +
pop ecx  +
pop ecx  +
test eax eax +
jz loc_10012E6  +
jmp loc_100140E  +
mov dword_1002038 esi +
mov eax dword_1002378 +
cmp eax esi +
jnz loc_100130A  +
push offset dword_10010A0  +
push offset dword_1001098  +
call _initterm  +
pop ecx  +
pop ecx  +
mov dword_1002378 2 +
test ebx ebx +
jnz loc_1001316  +
push ebx  +
push edi  +
call ds:InterlockedExchange  +
cmp dword_1002380 0 +
jz loc_100133A  +
push offset dword_1002380  +
call sub_10015E9  +
pop ecx  +
test eax eax +
jz loc_100133A  +
push 0  +
push 2  +
push 0  +
call dword_1002380  +
mov eax ds:_acmdln +
mov esi [eax] +
mov [ebp+var_20] esi +
mov al [esi] +
cmp al 20h +
ja $LN61  +
test al al +
jz loc_1001354  +
cmp [ebp+var_1C] 0 +
jnz $LN61  +
mov al [esi] +
test al al +
jz loc_1001364  +
cmp al 20h +
ja loc_1001364  +
inc esi  +
mov [ebp+var_20] esi +
jmp loc_1001354  +
test byte ptr [ebp+StartupInfo.dwFlags] 1 +
jz loc_1001370  +
movzx eax [ebp+StartupInfo.wShowWindow] +
jmp loc_1001373  +
push 0Ah  +
pop eax  +
push eax  +
push esi  +
push 0  +
push 1000000h  +
call _WinMain@16  +
mov dword_1002034 eax +
cmp dword_1002028 0 +
jnz $LN62  +
push eax  +
call ds:exit  +
cmp al 22h +
jnz loc_10013A5  +
xor ecx ecx +
cmp [ebp+var_1C] ecx +
setz cl  +
mov [ebp+var_1C] ecx +
movzx eax al +
push eax  +
call ds:_ismbblead  +
pop ecx  +
test eax eax +
jz loc_10013B8  +
inc esi  +
mov [ebp+var_20] esi +
inc esi  +
jmp loc_1001341  +
mov eax [ebp-14h] +
mov ecx [eax] +
mov ecx [ecx] +
mov [ebp-24h] ecx +
push eax  +
push ecx  +
call _XcptFilter  +
pop ecx  +
pop ecx  +
retn   +
mov esp [ebp-18h] +
mov eax [ebp-24h] +
mov dword_1002034 eax +
cmp dword_1002028 0 +
jnz $LN62  +
push eax  +
call ds:_exit  +
cmp dword_1002038 0 +
jnz loc_10013F9  +
call ds:_cexit  +
mov [ebp+ms_exc.disabled] 0FFFFFFFEh +
mov eax dword_1002034 +
jmp loc_100141A  +
xor eax eax +
inc eax  +
retn   +
mov esp [ebp-18h] +
mov [ebp+ms_exc.disabled] 0FFFFFFFEh +
mov eax 0FFh +
call __SEH_epilog4  +
retn   +
***
mov eax 5A4Dh +
cmp ds:1000000h ax +
jz loc_1001437  +
xor eax eax +
jmp loc_1001484  +
mov eax ds:100003Ch +
lea eax [eax+1000000h] +
cmp dword ptr [eax] 4550h +
jnz loc_1001433  +
movzx ecx word ptr [eax+18h] +
cmp ecx 10Bh +
jz loc_1001471  +
cmp ecx 20Bh +
jnz loc_1001433  +
cmp dword ptr [eax+84h] 0Eh +
jbe loc_1001433  +
xor ecx ecx +
cmp [eax+0F8h] ecx +
jmp loc_100147F  +
cmp dword ptr [eax+74h] 0Eh +
jbe loc_1001433  +
xor ecx ecx +
cmp [eax+0E8h] ecx +
setnz cl  +
mov eax ecx +
push 2  +
mov dword_1002028 eax +
call sub_1001782  +
push eax  +
call ds:__set_app_type  +
or dword_1002370 0FFFFFFFFh +
or dword_1002374 0FFFFFFFFh +
pop ecx  +
pop ecx  +
call ds:__p__fmode  +
mov ecx dword_1002048 +
mov [eax] ecx +
call ds:__p__commode  +
mov ecx dword_1002044 +
mov [eax] ecx +
call sub_1001714  +
cmp dword_1002008 0 +
jnz loc_10014DD  +
push offset sub_1001714  +
call ds:__setusermatherr  +
pop ecx  +
call sub_10016FC  +
xor eax eax +
retn   +
***
call sub_10017C1  +
jmp ___tmainCRTStartup  +
***
push ebp  +
mov ebp esp +
mov eax [ebp+8] +
mov eax [eax] +
cmp dword ptr [eax] 0E06D7363h +
jnz loc_1001536  +
cmp dword ptr [eax+10h] 3 +
jnz loc_1001536  +
mov eax [eax+14h] +
cmp eax 19930520h +
jz loc_1001530  +
cmp eax 19930521h +
jz loc_1001530  +
cmp eax 19930522h +
jz loc_1001530  +
cmp eax 1994000h +
jnz loc_1001536  +
call ds:?terminate@@YAXXZ  +
xor eax eax +
pop ebp  +
retn 4  +
***
push (offset byte_10014F8+1)  +
call ds:SetUnhandledExceptionFilter  +
xor eax eax +
retn   +
***
mov edi edi +
push ebp  +
mov ebp esp +
mov ecx [ebp+arg_0] +
mov eax 5A4Dh +
cmp [ecx] ax +
jz loc_1001576  +
xor eax eax +
pop ebp  +
retn   +
mov eax [ecx+3Ch] +
add eax ecx +
cmp dword ptr [eax] 4550h +
jnz loc_1001572  +
xor edx edx +
mov ecx 10Bh +
cmp [eax+18h] cx +
setz dl  +
mov eax edx +
pop ebp  +
retn   +
***
mov edi edi +
push ebp  +
mov ebp esp +
mov eax [ebp+arg_0] +
mov ecx [eax+3Ch] +
add ecx eax +
movzx eax word ptr [ecx+14h] +
push ebx  +
push esi  +
movzx esi word ptr [ecx+6] +
xor edx edx +
push edi  +
lea eax [eax+ecx+18h] +
test esi esi +
jbe loc_10015DD  +
mov edi [ebp+arg_4] +
mov ecx [eax+0Ch] +
cmp edi ecx +
jb loc_10015D5  +
mov ebx [eax+8] +
add ebx ecx +
cmp edi ebx +
jb loc_10015DF  +
inc edx  +
add eax 28h +
cmp edx esi +
jb loc_10015C5  +
xor eax eax +
pop edi  +
pop esi  +
pop ebx  +
pop ebp  +
retn   +
***
call __SEH_prolog4  +
and [ebp+ms_exc.disabled] 0 +
mov esi 1000000h +
push esi  +
call sub_1001560  +
pop ecx  +
test eax eax +
jz loc_1001646  +
mov eax [ebp+arg_0] +
sub eax esi +
push eax  +
push esi  +
call sub_10015A0  +
pop ecx  +
pop ecx  +
test eax eax +
jz loc_1001646  +
mov eax [eax+24h] +
shr eax 1Fh +
not eax  +
and eax 1 +
mov [ebp+ms_exc.disabled] 0FFFFFFFEh +
jmp loc_100164F  +
mov eax [ebp-14h] +
mov eax [eax] +
mov eax [eax] +
xor ecx ecx +
cmp eax 0C0000005h +
setz cl  +
mov eax ecx +
retn   +
mov esp [ebp-18h] +
mov [ebp+ms_exc.disabled] 0FFFFFFFEh +
xor eax eax +
call __SEH_epilog4  +
retn   +
***
mov eax [esp+8+arg_4] +
mov ecx [ebp-10h] +
mov large fs:0 ecx +
pop ecx  +
pop edi  +
pop edi  +
pop esi  +
pop ebx  +
mov esp ebp +
pop ebp  +
push ecx  +
retn   +
***
mov edi edi +
push ebp  +
mov ebp esp +
push dword ptr [ebp+14h]  +
push dword ptr [ebp+10h]  +
push dword ptr [ebp+0Ch]  +
push dword ptr [ebp+8]  +
push offset loc_1001857  +
push offset dword_100200C  +
call _except_handler4_common  +
add esp 18h +
pop ebp  +
retn   +
***
call ds:_controlfp  +
pop ecx  +
pop ecx  +
retn   +
***
retn   +
***
call __SEH_prolog4  +
xor eax eax +
mov ecx [ebp+arg_0] +
test ecx ecx +
jz loc_1001775  +
cmp ecx 0FFFFFFFFh +
jz loc_1001775  +
and [ebp+ms_exc.disabled] eax +
mov edx 5A4Dh +
cmp [ecx] dx +
jnz loc_100176E  +
mov edx [ecx+3Ch] +
test edx edx +
jl loc_100176E  +
cmp edx 10000000h +
jnb loc_100176E  +
lea eax [edx+ecx] +
mov [ebp+var_1C] eax +
cmp dword ptr [eax] 4550h +
jz loc_100176E  +
jmp loc_1001769  +
xor eax eax +
inc eax  +
retn   +
mov esp [ebp-18h] +
xor eax eax +
mov [ebp+var_1C] eax +
mov [ebp+ms_exc.disabled] 0FFFFFFFEh +
call __SEH_epilog4  +
retn 4  +
***
mov edi edi +
push ebp  +
mov ebp esp +
push 0  +
call ds:GetModuleHandleA  +
test eax eax +
jz loc_10017B7  +
push eax  +
call sub_100171C  +
test eax eax +
jz loc_10017B7  +
movzx eax word ptr [eax+5Ch] +
cmp ax 2 +
jnz loc_10017AC  +
push 2  +
pop eax  +
pop ebp  +
retn   +
cmp ax 3 +
jnz loc_10017B7  +
xor eax eax +
inc eax  +
pop ebp  +
retn   +
mov eax [ebp+arg_0] +
pop ebp  +
retn   +
***
mov edi edi +
push ebp  +
mov ebp esp +
sub esp 10h +
mov eax dword_100200C +
and [ebp+SystemTimeAsFileTime.dwLowDateTime] 0 +
and [ebp+SystemTimeAsFileTime.dwHighDateTime] 0 +
push ebx  +
push edi  +
mov edi 0BB40E64Eh +
mov ebx 0FFFF0000h +
cmp eax edi +
jz loc_10017F3  +
test eax ebx +
jz loc_10017F3  +
not eax  +
mov dword_1002010 eax +
jmp loc_100184E  +
push esi  +
lea eax [ebp+SystemTimeAsFileTime] +
push eax  +
call ds:GetSystemTimeAsFileTime  +
mov esi [ebp+SystemTimeAsFileTime.dwHighDateTime] +
xor esi [ebp+SystemTimeAsFileTime.dwLowDateTime] +
call ds:GetCurrentProcessId  +
xor esi eax +
call ds:GetCurrentThreadId  +
xor esi eax +
call ds:GetTickCount  +
xor esi eax +
lea eax [ebp+PerformanceCount] +
push eax  +
call ds:QueryPerformanceCounter  +
mov eax dword ptr [ebp+PerformanceCount+4] +
xor eax dword ptr [ebp+PerformanceCount] +
xor esi eax +
cmp esi edi +
jz loc_100183A  +
test dword_100200C ebx +
jnz loc_100183F  +
mov esi 0BB40E64Fh +
mov dword_100200C esi +
not esi  +
mov dword_1002010 esi +
pop esi  +
pop edi  +
pop ebx  +
leave   +
retn   +
***
cmp ecx dword_100200C +
jnz loc_1001862  +
retn 0  +
***
jmp loc_1001877  +
***
mov edi edi +
push ebp  +
mov ebp esp +
sub esp 328h +
mov dword_1002150 eax +
mov dword_100214C ecx +
mov dword_1002148 edx +
mov dword_1002144 ebx +
mov dword_1002140 esi +
mov dword_100213C edi +
mov word_1002168 ss +
mov word_100215C cs +
mov word_1002138 ds +
mov word_1002134 es +
mov word_1002130 fs +
mov word_100212C gs +
pushf   +
pop dword_1002160  +
mov eax [ebp+0] +
mov dword_1002154 eax +
mov eax [ebp+4] +
mov dword_1002158 eax +
lea eax [ebp+8] +
mov dword_1002164 eax +
mov eax [ebp-320h] +
mov dword_10020A0 10001h +
mov eax dword_1002158 +
mov dword_100205C eax +
mov dword_1002050 0C0000409h +
mov dword_1002054 1 +
mov eax dword_100200C +
mov [ebp-328h] eax +
mov eax dword_1002010 +
mov [ebp-324h] eax +
push 0  +
call ds:SetUnhandledExceptionFilter  +
push offset off_10010DC  +
call ds:UnhandledExceptionFilter  +
push 0C0000409h  +
call ds:GetCurrentProcess  +
push eax  +
call ds:TerminateProcess  +
leave   +
retn   +
***
